Archive member included to satisfy reference by file (symbol)

c:/st/stm32cubeide_1.4.0/stm32cubeide/plugins/com.st.stm32cube.ide.mcu.externaltools.gnu-tools-for-stm32.7-2018-q2-update.win32_1.4.0.202007081208/tools/bin/../lib/gcc/arm-none-eabi/7.3.1/../../../../arm-none-eabi/lib/thumb/v7-m\libc_nano.a(lib_a-errno.o)
                              Core/Src/syscalls.o (__errno)
c:/st/stm32cubeide_1.4.0/stm32cubeide/plugins/com.st.stm32cube.ide.mcu.externaltools.gnu-tools-for-stm32.7-2018-q2-update.win32_1.4.0.202007081208/tools/bin/../lib/gcc/arm-none-eabi/7.3.1/../../../../arm-none-eabi/lib/thumb/v7-m\libc_nano.a(lib_a-exit.o)
                              c:/st/stm32cubeide_1.4.0/stm32cubeide/plugins/com.st.stm32cube.ide.mcu.externaltools.gnu-tools-for-stm32.7-2018-q2-update.win32_1.4.0.202007081208/tools/bin/../lib/gcc/arm-none-eabi/7.3.1/../../../../arm-none-eabi/lib/thumb/v7-m/crt0.o (exit)
c:/st/stm32cubeide_1.4.0/stm32cubeide/plugins/com.st.stm32cube.ide.mcu.externaltools.gnu-tools-for-stm32.7-2018-q2-update.win32_1.4.0.202007081208/tools/bin/../lib/gcc/arm-none-eabi/7.3.1/../../../../arm-none-eabi/lib/thumb/v7-m\libc_nano.a(lib_a-impure.o)
                              c:/st/stm32cubeide_1.4.0/stm32cubeide/plugins/com.st.stm32cube.ide.mcu.externaltools.gnu-tools-for-stm32.7-2018-q2-update.win32_1.4.0.202007081208/tools/bin/../lib/gcc/arm-none-eabi/7.3.1/../../../../arm-none-eabi/lib/thumb/v7-m\libc_nano.a(lib_a-exit.o) (_global_impure_ptr)
c:/st/stm32cubeide_1.4.0/stm32cubeide/plugins/com.st.stm32cube.ide.mcu.externaltools.gnu-tools-for-stm32.7-2018-q2-update.win32_1.4.0.202007081208/tools/bin/../lib/gcc/arm-none-eabi/7.3.1/../../../../arm-none-eabi/lib/thumb/v7-m\libc_nano.a(lib_a-init.o)
                              c:/st/stm32cubeide_1.4.0/stm32cubeide/plugins/com.st.stm32cube.ide.mcu.externaltools.gnu-tools-for-stm32.7-2018-q2-update.win32_1.4.0.202007081208/tools/bin/../lib/gcc/arm-none-eabi/7.3.1/../../../../arm-none-eabi/lib/thumb/v7-m/crt0.o (__libc_init_array)
c:/st/stm32cubeide_1.4.0/stm32cubeide/plugins/com.st.stm32cube.ide.mcu.externaltools.gnu-tools-for-stm32.7-2018-q2-update.win32_1.4.0.202007081208/tools/bin/../lib/gcc/arm-none-eabi/7.3.1/../../../../arm-none-eabi/lib/thumb/v7-m\libc_nano.a(lib_a-memcpy-stub.o)
                              Middlewares/Third_Party/FreeRTOS/Source/queue.o (memcpy)
c:/st/stm32cubeide_1.4.0/stm32cubeide/plugins/com.st.stm32cube.ide.mcu.externaltools.gnu-tools-for-stm32.7-2018-q2-update.win32_1.4.0.202007081208/tools/bin/../lib/gcc/arm-none-eabi/7.3.1/../../../../arm-none-eabi/lib/thumb/v7-m\libc_nano.a(lib_a-memset.o)
                              c:/st/stm32cubeide_1.4.0/stm32cubeide/plugins/com.st.stm32cube.ide.mcu.externaltools.gnu-tools-for-stm32.7-2018-q2-update.win32_1.4.0.202007081208/tools/bin/../lib/gcc/arm-none-eabi/7.3.1/../../../../arm-none-eabi/lib/thumb/v7-m/crt0.o (memset)
c:/st/stm32cubeide_1.4.0/stm32cubeide/plugins/com.st.stm32cube.ide.mcu.externaltools.gnu-tools-for-stm32.7-2018-q2-update.win32_1.4.0.202007081208/tools/bin/../lib/gcc/arm-none-eabi/7.3.1/thumb/v7-m\libgcc.a(_aeabi_uldivmod.o)
                              Drivers/STM32L1xx_HAL_Driver/Src/stm32l1xx_hal_rcc.o (__aeabi_uldivmod)
c:/st/stm32cubeide_1.4.0/stm32cubeide/plugins/com.st.stm32cube.ide.mcu.externaltools.gnu-tools-for-stm32.7-2018-q2-update.win32_1.4.0.202007081208/tools/bin/../lib/gcc/arm-none-eabi/7.3.1/thumb/v7-m\libgcc.a(_udivmoddi4.o)
                              c:/st/stm32cubeide_1.4.0/stm32cubeide/plugins/com.st.stm32cube.ide.mcu.externaltools.gnu-tools-for-stm32.7-2018-q2-update.win32_1.4.0.202007081208/tools/bin/../lib/gcc/arm-none-eabi/7.3.1/thumb/v7-m\libgcc.a(_aeabi_uldivmod.o) (__udivmoddi4)
c:/st/stm32cubeide_1.4.0/stm32cubeide/plugins/com.st.stm32cube.ide.mcu.externaltools.gnu-tools-for-stm32.7-2018-q2-update.win32_1.4.0.202007081208/tools/bin/../lib/gcc/arm-none-eabi/7.3.1/thumb/v7-m\libgcc.a(_dvmd_tls.o)
                              c:/st/stm32cubeide_1.4.0/stm32cubeide/plugins/com.st.stm32cube.ide.mcu.externaltools.gnu-tools-for-stm32.7-2018-q2-update.win32_1.4.0.202007081208/tools/bin/../lib/gcc/arm-none-eabi/7.3.1/thumb/v7-m\libgcc.a(_aeabi_uldivmod.o) (__aeabi_ldiv0)

Allocating common symbols
Common symbol       size              file

defaultTaskHandle   0x4               Core/Src/main.o
xHandle_SMS         0x4               Core/Src/SMSTask.o
uwTick              0x4               Drivers/STM32L1xx_HAL_Driver/Src/stm32l1xx_hal.o
xQueueRegistry      0x40              Middlewares/Third_Party/FreeRTOS/Source/queue.o
pFlash              0x18              Drivers/STM32L1xx_HAL_Driver/Src/stm32l1xx_hal_flash.o
htim3               0x40              Core/Src/stm32l1xx_hal_timebase_tim.o
huart1              0x40              Core/Src/main.o
htim6               0x40              Core/Src/main.o
huart2              0x40              Core/Src/main.o

Discarded input sections

[...]
Memory Configuration

Name             Origin             Length             Attributes
RAM              0x0000000020000000 0x0000000000014000 xrw
FLASH            0x0000000008000000 0x0000000000080000 xr
*default*        0x0000000000000000 0xffffffffffffffff

Linker script and memory map

LOAD c:/st/stm32cubeide_1.4.0/stm32cubeide/plugins/com.st.stm32cube.ide.mcu.externaltools.gnu-tools-for-stm32.7-2018-q2-update.win32_1.4.0.202007081208/tools/bin/../lib/gcc/arm-none-eabi/7.3.1/thumb/v7-m/crti.o
LOAD c:/st/stm32cubeide_1.4.0/stm32cubeide/plugins/com.st.stm32cube.ide.mcu.externaltools.gnu-tools-for-stm32.7-2018-q2-update.win32_1.4.0.202007081208/tools/bin/../lib/gcc/arm-none-eabi/7.3.1/thumb/v7-m/crtbegin.o
LOAD c:/st/stm32cubeide_1.4.0/stm32cubeide/plugins/com.st.stm32cube.ide.mcu.externaltools.gnu-tools-for-stm32.7-2018-q2-update.win32_1.4.0.202007081208/tools/bin/../lib/gcc/arm-none-eabi/7.3.1/../../../../arm-none-eabi/lib/thumb/v7-m/crt0.o
LOAD Core/Src/SMSTask.o
LOAD Core/Src/freertos.o
LOAD Core/Src/main.o
LOAD Core/Src/stm32l1xx_hal_msp.o
LOAD Core/Src/stm32l1xx_hal_timebase_tim.o
LOAD Core/Src/stm32l1xx_it.o
LOAD Core/Src/syscalls.o
LOAD Core/Src/sysmem.o
LOAD Core/Src/system_stm32l1xx.o
LOAD Core/Startup/startup_stm32l152retx.o
LOAD Drivers/STM32L1xx_HAL_Driver/Src/stm32l1xx_hal.o
LOAD Drivers/STM32L1xx_HAL_Driver/Src/stm32l1xx_hal_cortex.o
LOAD Drivers/STM32L1xx_HAL_Driver/Src/stm32l1xx_hal_dma.o
LOAD Drivers/STM32L1xx_HAL_Driver/Src/stm32l1xx_hal_exti.o
LOAD Drivers/STM32L1xx_HAL_Driver/Src/stm32l1xx_hal_flash.o
LOAD Drivers/STM32L1xx_HAL_Driver/Src/stm32l1xx_hal_flash_ex.o
LOAD Drivers/STM32L1xx_HAL_Driver/Src/stm32l1xx_hal_flash_ramfunc.o
LOAD Drivers/STM32L1xx_HAL_Driver/Src/stm32l1xx_hal_gpio.o
LOAD Drivers/STM32L1xx_HAL_Driver/Src/stm32l1xx_hal_pwr.o
LOAD Drivers/STM32L1xx_HAL_Driver/Src/stm32l1xx_hal_pwr_ex.o
LOAD Drivers/STM32L1xx_HAL_Driver/Src/stm32l1xx_hal_rcc.o
LOAD Drivers/STM32L1xx_HAL_Driver/Src/stm32l1xx_hal_rcc_ex.o
LOAD Drivers/STM32L1xx_HAL_Driver/Src/stm32l1xx_hal_tim.o
LOAD Drivers/STM32L1xx_HAL_Driver/Src/stm32l1xx_hal_tim_ex.o
LOAD Drivers/STM32L1xx_HAL_Driver/Src/stm32l1xx_hal_uart.o
LOAD Middlewares/Third_Party/FreeRTOS/Source/CMSIS_RTOS/cmsis_os.o
LOAD Middlewares/Third_Party/FreeRTOS/Source/croutine.o
LOAD Middlewares/Third_Party/FreeRTOS/Source/event_groups.o
LOAD Middlewares/Third_Party/FreeRTOS/Source/list.o
LOAD Middlewares/Third_Party/FreeRTOS/Source/queue.o
LOAD Middlewares/Third_Party/FreeRTOS/Source/stream_buffer.o
LOAD Middlewares/Third_Party/FreeRTOS/Source/tasks.o
LOAD Middlewares/Third_Party/FreeRTOS/Source/timers.o
LOAD Middlewares/Third_Party/FreeRTOS/Source/portable/GCC/ARM_CM3/port.o
LOAD Middlewares/Third_Party/FreeRTOS/Source/portable/MemMang/heap_4.o
START GROUP
LOAD c:/st/stm32cubeide_1.4.0/stm32cubeide/plugins/com.st.stm32cube.ide.mcu.externaltools.gnu-tools-for-stm32.7-2018-q2-update.win32_1.4.0.202007081208/tools/bin/../lib/gcc/arm-none-eabi/7.3.1/../../../../arm-none-eabi/lib/thumb/v7-m\libc_nano.a
LOAD c:/st/stm32cubeide_1.4.0/stm32cubeide/plugins/com.st.stm32cube.ide.mcu.externaltools.gnu-tools-for-stm32.7-2018-q2-update.win32_1.4.0.202007081208/tools/bin/../lib/gcc/arm-none-eabi/7.3.1/../../../../arm-none-eabi/lib/thumb/v7-m\libm.a
END GROUP
START GROUP
LOAD c:/st/stm32cubeide_1.4.0/stm32cubeide/plugins/com.st.stm32cube.ide.mcu.externaltools.gnu-tools-for-stm32.7-2018-q2-update.win32_1.4.0.202007081208/tools/bin/../lib/gcc/arm-none-eabi/7.3.1/thumb/v7-m\libgcc.a
LOAD c:/st/stm32cubeide_1.4.0/stm32cubeide/plugins/com.st.stm32cube.ide.mcu.externaltools.gnu-tools-for-stm32.7-2018-q2-update.win32_1.4.0.202007081208/tools/bin/../lib/gcc/arm-none-eabi/7.3.1/../../../../arm-none-eabi/lib/thumb/v7-m\libc_nano.a
END GROUP
START GROUP
LOAD c:/st/stm32cubeide_1.4.0/stm32cubeide/plugins/com.st.stm32cube.ide.mcu.externaltools.gnu-tools-for-stm32.7-2018-q2-update.win32_1.4.0.202007081208/tools/bin/../lib/gcc/arm-none-eabi/7.3.1/thumb/v7-m\libgcc.a
LOAD c:/st/stm32cubeide_1.4.0/stm32cubeide/plugins/com.st.stm32cube.ide.mcu.externaltools.gnu-tools-for-stm32.7-2018-q2-update.win32_1.4.0.202007081208/tools/bin/../lib/gcc/arm-none-eabi/7.3.1/../../../../arm-none-eabi/lib/thumb/v7-m\libc_nano.a
LOAD c:/st/stm32cubeide_1.4.0/stm32cubeide/plugins/com.st.stm32cube.ide.mcu.externaltools.gnu-tools-for-stm32.7-2018-q2-update.win32_1.4.0.202007081208/tools/bin/../lib/gcc/arm-none-eabi/7.3.1/../../../../arm-none-eabi/lib/thumb/v7-m\libnosys.a
END GROUP
START GROUP
LOAD c:/st/stm32cubeide_1.4.0/stm32cubeide/plugins/com.st.stm32cube.ide.mcu.externaltools.gnu-tools-for-stm32.7-2018-q2-update.win32_1.4.0.202007081208/tools/bin/../lib/gcc/arm-none-eabi/7.3.1/thumb/v7-m\libgcc.a
LOAD c:/st/stm32cubeide_1.4.0/stm32cubeide/plugins/com.st.stm32cube.ide.mcu.externaltools.gnu-tools-for-stm32.7-2018-q2-update.win32_1.4.0.202007081208/tools/bin/../lib/gcc/arm-none-eabi/7.3.1/../../../../arm-none-eabi/lib/thumb/v7-m\libc_nano.a
LOAD c:/st/stm32cubeide_1.4.0/stm32cubeide/plugins/com.st.stm32cube.ide.mcu.externaltools.gnu-tools-for-stm32.7-2018-q2-update.win32_1.4.0.202007081208/tools/bin/../lib/gcc/arm-none-eabi/7.3.1/../../../../arm-none-eabi/lib/thumb/v7-m\libnosys.a
END GROUP
LOAD c:/st/stm32cubeide_1.4.0/stm32cubeide/plugins/com.st.stm32cube.ide.mcu.externaltools.gnu-tools-for-stm32.7-2018-q2-update.win32_1.4.0.202007081208/tools/bin/../lib/gcc/arm-none-eabi/7.3.1/thumb/v7-m/crtend.o
LOAD c:/st/stm32cubeide_1.4.0/stm32cubeide/plugins/com.st.stm32cube.ide.mcu.externaltools.gnu-tools-for-stm32.7-2018-q2-update.win32_1.4.0.202007081208/tools/bin/../lib/gcc/arm-none-eabi/7.3.1/thumb/v7-m/crtn.o
                0x0000000020014000                _estack = (ORIGIN (RAM) + LENGTH (RAM))
                0x0000000000000200                _Min_Heap_Size = 0x200
                0x0000000000000400                _Min_Stack_Size = 0x400

.isr_vector     0x0000000008000000      0x13c
                0x0000000008000000                . = ALIGN (0x4)
 *(.isr_vector)
 .isr_vector    0x0000000008000000      0x13c Core/Startup/startup_stm32l152retx.o
                0x0000000008000000                g_pfnVectors
                0x000000000800013c                . = ALIGN (0x4)

.text           0x0000000008000140     0x3b2c
                0x0000000008000140                . = ALIGN (0x4)
 *(.text)
 .text          0x0000000008000140       0x40 c:/st/stm32cubeide_1.4.0/stm32cubeide/plugins/com.st.stm32cube.ide.mcu.externaltools.gnu-tools-for-stm32.7-2018-q2-update.win32_1.4.0.202007081208/tools/bin/../lib/gcc/arm-none-eabi/7.3.1/thumb/v7-m/crtbegin.o
 .text          0x0000000008000180       0x30 c:/st/stm32cubeide_1.4.0/stm32cubeide/plugins/com.st.stm32cube.ide.mcu.externaltools.gnu-tools-for-stm32.7-2018-q2-update.win32_1.4.0.202007081208/tools/bin/../lib/gcc/arm-none-eabi/7.3.1/thumb/v7-m\libgcc.a(_aeabi_uldivmod.o)
                0x0000000008000180                __aeabi_uldivmod
 .text          0x00000000080001b0      0x2d0 c:/st/stm32cubeide_1.4.0/stm32cubeide/plugins/com.st.stm32cube.ide.mcu.externaltools.gnu-tools-for-stm32.7-2018-q2-update.win32_1.4.0.202007081208/tools/bin/../lib/gcc/arm-none-eabi/7.3.1/thumb/v7-m\libgcc.a(_udivmoddi4.o)
                0x00000000080001b0                __udivmoddi4
 .text          0x0000000008000480        0x4 c:/st/stm32cubeide_1.4.0/stm32cubeide/plugins/com.st.stm32cube.ide.mcu.externaltools.gnu-tools-for-stm32.7-2018-q2-update.win32_1.4.0.202007081208/tools/bin/../lib/gcc/arm-none-eabi/7.3.1/thumb/v7-m\libgcc.a(_dvmd_tls.o)
                0x0000000008000480                __aeabi_idiv0
                0x0000000008000480                __aeabi_ldiv0
 *(.text*)
 .text.prvSMSTask
                0x0000000008000484      0x178 Core/Src/SMSTask.o
                0x0000000008000484                prvSMSTask
 .text.vApplicationGetIdleTaskMemory
                0x00000000080005fc       0x34 Core/Src/freertos.o
                0x00000000080005fc                vApplicationGetIdleTaskMemory
 .text.main     0x0000000008000630       0x88 Core/Src/main.o
                0x0000000008000630                main
 .text.SystemClock_Config
                0x00000000080006b8       0x9c Core/Src/main.o
                0x00000000080006b8                SystemClock_Config
 .text.MX_TIM6_Init
                0x0000000008000754       0x6c Core/Src/main.o
 .text.MX_USART1_UART_Init
                0x00000000080007c0       0x54 Core/Src/main.o
 .text.MX_USART2_UART_Init
                0x0000000008000814       0x54 Core/Src/main.o
 .text.MX_GPIO_Init
                0x0000000008000868       0x9c Core/Src/main.o
 .text.HAL_TIM_PeriodElapsedCallback
                0x0000000008000904       0x24 Core/Src/main.o
                0x0000000008000904                HAL_TIM_PeriodElapsedCallback
 .text.Error_Handler
                0x0000000008000928        0xc Core/Src/main.o
                0x0000000008000928                Error_Handler
 .text.HAL_MspInit
                0x0000000008000934       0x5c Core/Src/stm32l1xx_hal_msp.o
                0x0000000008000934                HAL_MspInit
 .text.HAL_TIM_Base_MspInit
                0x0000000008000990       0x4c Core/Src/stm32l1xx_hal_msp.o
                0x0000000008000990                HAL_TIM_Base_MspInit
 .text.HAL_UART_MspInit
                0x00000000080009dc       0xe8 Core/Src/stm32l1xx_hal_msp.o
                0x00000000080009dc                HAL_UART_MspInit
 .text.HAL_InitTick
                0x0000000008000ac4       0xac Core/Src/stm32l1xx_hal_timebase_tim.o
                0x0000000008000ac4                HAL_InitTick
 .text.NMI_Handler
                0x0000000008000b70        0xc Core/Src/stm32l1xx_it.o
                0x0000000008000b70                NMI_Handler
 .text.HardFault_Handler
                0x0000000008000b7c        0x6 Core/Src/stm32l1xx_it.o
                0x0000000008000b7c                HardFault_Handler
 .text.MemManage_Handler
                0x0000000008000b82        0x6 Core/Src/stm32l1xx_it.o
                0x0000000008000b82                MemManage_Handler
 .text.BusFault_Handler
                0x0000000008000b88        0x6 Core/Src/stm32l1xx_it.o
                0x0000000008000b88                BusFault_Handler
 .text.UsageFault_Handler
                0x0000000008000b8e        0x6 Core/Src/stm32l1xx_it.o
                0x0000000008000b8e                UsageFault_Handler
 .text.DebugMon_Handler
                0x0000000008000b94        0xc Core/Src/stm32l1xx_it.o
                0x0000000008000b94                DebugMon_Handler
 .text.TIM3_IRQHandler
                0x0000000008000ba0       0x14 Core/Src/stm32l1xx_it.o
                0x0000000008000ba0                TIM3_IRQHandler
 .text.TIM6_IRQHandler
                0x0000000008000bb4       0xb0 Core/Src/stm32l1xx_it.o
                0x0000000008000bb4                TIM6_IRQHandler
 .text.SystemInit
                0x0000000008000c64       0x18 Core/Src/system_stm32l1xx.o
                0x0000000008000c64                SystemInit
 .text.Reset_Handler
                0x0000000008000c7c       0x48 Core/Startup/startup_stm32l152retx.o
                0x0000000008000c7c                Reset_Handler
 .text.Default_Handler
                0x0000000008000cc4        0x2 Core/Startup/startup_stm32l152retx.o
                0x0000000008000cc4                RTC_Alarm_IRQHandler
                0x0000000008000cc4                EXTI2_IRQHandler
                0x0000000008000cc4                COMP_ACQ_IRQHandler
                0x0000000008000cc4                TIM10_IRQHandler
                0x0000000008000cc4                USB_HP_IRQHandler
                0x0000000008000cc4                PVD_IRQHandler
                0x0000000008000cc4                EXTI3_IRQHandler
                0x0000000008000cc4                EXTI0_IRQHandler
                0x0000000008000cc4                I2C2_EV_IRQHandler
                0x0000000008000cc4                SPI1_IRQHandler
                0x0000000008000cc4                USB_FS_WKUP_IRQHandler
                0x0000000008000cc4                DMA2_Channel2_IRQHandler
                0x0000000008000cc4                DMA1_Channel4_IRQHandler
                0x0000000008000cc4                ADC1_IRQHandler
                0x0000000008000cc4                USART3_IRQHandler
                0x0000000008000cc4                DMA1_Channel7_IRQHandler
                0x0000000008000cc4                LCD_IRQHandler
                0x0000000008000cc4                UART5_IRQHandler
                0x0000000008000cc4                TIM4_IRQHandler
                0x0000000008000cc4                DMA2_Channel1_IRQHandler
                0x0000000008000cc4                I2C1_EV_IRQHandler
                0x0000000008000cc4                DMA1_Channel6_IRQHandler
                0x0000000008000cc4                UART4_IRQHandler
                0x0000000008000cc4                DMA2_Channel4_IRQHandler
                0x0000000008000cc4                RCC_IRQHandler
                0x0000000008000cc4                DMA1_Channel1_IRQHandler
                0x0000000008000cc4                Default_Handler
                0x0000000008000cc4                EXTI15_10_IRQHandler
                0x0000000008000cc4                TIM7_IRQHandler
                0x0000000008000cc4                TIM5_IRQHandler
                0x0000000008000cc4                EXTI9_5_IRQHandler
                0x0000000008000cc4                TIM9_IRQHandler
                0x0000000008000cc4                TAMPER_STAMP_IRQHandler
                0x0000000008000cc4                RTC_WKUP_IRQHandler
                0x0000000008000cc4                SPI2_IRQHandler
                0x0000000008000cc4                DMA2_Channel5_IRQHandler
                0x0000000008000cc4                DMA1_Channel5_IRQHandler
                0x0000000008000cc4                USB_LP_IRQHandler
                0x0000000008000cc4                EXTI4_IRQHandler
                0x0000000008000cc4                DMA1_Channel3_IRQHandler
                0x0000000008000cc4                COMP_IRQHandler
                0x0000000008000cc4                WWDG_IRQHandler
                0x0000000008000cc4                TIM2_IRQHandler
                0x0000000008000cc4                DAC_IRQHandler
                0x0000000008000cc4                EXTI1_IRQHandler
                0x0000000008000cc4                TIM11_IRQHandler
                0x0000000008000cc4                USART2_IRQHandler
                0x0000000008000cc4                I2C2_ER_IRQHandler
                0x0000000008000cc4                DMA1_Channel2_IRQHandler
                0x0000000008000cc4                FLASH_IRQHandler
                0x0000000008000cc4                USART1_IRQHandler
                0x0000000008000cc4                SPI3_IRQHandler
                0x0000000008000cc4                I2C1_ER_IRQHandler
                0x0000000008000cc4                DMA2_Channel3_IRQHandler
 .text.HAL_Init
                0x0000000008000cc6       0x30 Drivers/STM32L1xx_HAL_Driver/Src/stm32l1xx_hal.o
                0x0000000008000cc6                HAL_Init
 *fill*         0x0000000008000cf6        0x2 
 .text.HAL_IncTick
                0x0000000008000cf8       0x24 Drivers/STM32L1xx_HAL_Driver/Src/stm32l1xx_hal.o
                0x0000000008000cf8                HAL_IncTick
 .text.HAL_GetTick
                0x0000000008000d1c       0x14 Drivers/STM32L1xx_HAL_Driver/Src/stm32l1xx_hal.o
                0x0000000008000d1c                HAL_GetTick
 .text.__NVIC_SetPriorityGrouping
                0x0000000008000d30       0x48 Drivers/STM32L1xx_HAL_Driver/Src/stm32l1xx_hal_cortex.o
 .text.__NVIC_GetPriorityGrouping
                0x0000000008000d78       0x1c Drivers/STM32L1xx_HAL_Driver/Src/stm32l1xx_hal_cortex.o
 .text.__NVIC_EnableIRQ
                0x0000000008000d94       0x38 Drivers/STM32L1xx_HAL_Driver/Src/stm32l1xx_hal_cortex.o
 .text.__NVIC_SetPriority
                0x0000000008000dcc       0x54 Drivers/STM32L1xx_HAL_Driver/Src/stm32l1xx_hal_cortex.o
 .text.NVIC_EncodePriority
                0x0000000008000e20       0x64 Drivers/STM32L1xx_HAL_Driver/Src/stm32l1xx_hal_cortex.o
 .text.HAL_NVIC_SetPriorityGrouping
                0x0000000008000e84       0x16 Drivers/STM32L1xx_HAL_Driver/Src/stm32l1xx_hal_cortex.o
                0x0000000008000e84                HAL_NVIC_SetPriorityGrouping
 .text.HAL_NVIC_SetPriority
                0x0000000008000e9a       0x38 Drivers/STM32L1xx_HAL_Driver/Src/stm32l1xx_hal_cortex.o
                0x0000000008000e9a                HAL_NVIC_SetPriority
 .text.HAL_NVIC_EnableIRQ
                0x0000000008000ed2       0x1c Drivers/STM32L1xx_HAL_Driver/Src/stm32l1xx_hal_cortex.o
                0x0000000008000ed2                HAL_NVIC_EnableIRQ
 *fill*         0x0000000008000eee        0x2 
 .text.HAL_GPIO_Init
                0x0000000008000ef0      0x31c Drivers/STM32L1xx_HAL_Driver/Src/stm32l1xx_hal_gpio.o
                0x0000000008000ef0                HAL_GPIO_Init
 .text.HAL_GPIO_ReadPin
                0x000000000800120c       0x2e Drivers/STM32L1xx_HAL_Driver/Src/stm32l1xx_hal_gpio.o
                0x000000000800120c                HAL_GPIO_ReadPin
 .text.HAL_GPIO_WritePin
                0x000000000800123a       0x30 Drivers/STM32L1xx_HAL_Driver/Src/stm32l1xx_hal_gpio.o
                0x000000000800123a                HAL_GPIO_WritePin
 *fill*         0x000000000800126a        0x2 
 .text.HAL_RCC_OscConfig
                0x000000000800126c      0x660 Drivers/STM32L1xx_HAL_Driver/Src/stm32l1xx_hal_rcc.o
                0x000000000800126c                HAL_RCC_OscConfig
 .text.HAL_RCC_ClockConfig
                0x00000000080018cc      0x268 Drivers/STM32L1xx_HAL_Driver/Src/stm32l1xx_hal_rcc.o
                0x00000000080018cc                HAL_RCC_ClockConfig
 .text.HAL_RCC_GetSysClockFreq
                0x0000000008001b34      0x144 Drivers/STM32L1xx_HAL_Driver/Src/stm32l1xx_hal_rcc.o
                0x0000000008001b34                HAL_RCC_GetSysClockFreq
 .text.HAL_RCC_GetHCLKFreq
                0x0000000008001c78       0x14 Drivers/STM32L1xx_HAL_Driver/Src/stm32l1xx_hal_rcc.o
                0x0000000008001c78                HAL_RCC_GetHCLKFreq
 .text.HAL_RCC_GetPCLK1Freq
                0x0000000008001c8c       0x28 Drivers/STM32L1xx_HAL_Driver/Src/stm32l1xx_hal_rcc.o
                0x0000000008001c8c                HAL_RCC_GetPCLK1Freq
 .text.HAL_RCC_GetPCLK2Freq
                0x0000000008001cb4       0x28 Drivers/STM32L1xx_HAL_Driver/Src/stm32l1xx_hal_rcc.o
                0x0000000008001cb4                HAL_RCC_GetPCLK2Freq
 .text.HAL_RCC_GetClockConfig
                0x0000000008001cdc       0x60 Drivers/STM32L1xx_HAL_Driver/Src/stm32l1xx_hal_rcc.o
                0x0000000008001cdc                HAL_RCC_GetClockConfig
 .text.RCC_SetFlashLatencyFromMSIRange
                0x0000000008001d3c       0xc0 Drivers/STM32L1xx_HAL_Driver/Src/stm32l1xx_hal_rcc.o
 .text.HAL_TIM_Base_Init
                0x0000000008001dfc       0x7e Drivers/STM32L1xx_HAL_Driver/Src/stm32l1xx_hal_tim.o
                0x0000000008001dfc                HAL_TIM_Base_Init
 *fill*         0x0000000008001e7a        0x2 
 .text.HAL_TIM_Base_Start_IT
                0x0000000008001e7c       0xa4 Drivers/STM32L1xx_HAL_Driver/Src/stm32l1xx_hal_tim.o
                0x0000000008001e7c                HAL_TIM_Base_Start_IT
 .text.HAL_TIM_IRQHandler
                0x0000000008001f20      0x1b8 Drivers/STM32L1xx_HAL_Driver/Src/stm32l1xx_hal_tim.o
                0x0000000008001f20                HAL_TIM_IRQHandler
 .text.HAL_TIM_OC_DelayElapsedCallback
                0x00000000080020d8       0x12 Drivers/STM32L1xx_HAL_Driver/Src/stm32l1xx_hal_tim.o
                0x00000000080020d8                HAL_TIM_OC_DelayElapsedCallback
 .text.HAL_TIM_IC_CaptureCallback
                0x00000000080020ea       0x12 Drivers/STM32L1xx_HAL_Driver/Src/stm32l1xx_hal_tim.o
                0x00000000080020ea                HAL_TIM_IC_CaptureCallback
 .text.HAL_TIM_PWM_PulseFinishedCallback
                0x00000000080020fc       0x12 Drivers/STM32L1xx_HAL_Driver/Src/stm32l1xx_hal_tim.o
                0x00000000080020fc                HAL_TIM_PWM_PulseFinishedCallback
 .text.HAL_TIM_TriggerCallback
                0x000000000800210e       0x12 Drivers/STM32L1xx_HAL_Driver/Src/stm32l1xx_hal_tim.o
                0x000000000800210e                HAL_TIM_TriggerCallback
 .text.TIM_Base_SetConfig
                0x0000000008002120       0xe0 Drivers/STM32L1xx_HAL_Driver/Src/stm32l1xx_hal_tim.o
 .text.HAL_TIMEx_MasterConfigSynchronization
                0x0000000008002200       0xbc Drivers/STM32L1xx_HAL_Driver/Src/stm32l1xx_hal_tim_ex.o
                0x0000000008002200                HAL_TIMEx_MasterConfigSynchronization
 .text.HAL_UART_Init
                0x00000000080022bc       0x9a Drivers/STM32L1xx_HAL_Driver/Src/stm32l1xx_hal_uart.o
                0x00000000080022bc                HAL_UART_Init
 .text.HAL_UART_Transmit
                0x0000000008002356      0x132 Drivers/STM32L1xx_HAL_Driver/Src/stm32l1xx_hal_uart.o
                0x0000000008002356                HAL_UART_Transmit
 .text.HAL_UART_Receive
                0x0000000008002488      0x14c Drivers/STM32L1xx_HAL_Driver/Src/stm32l1xx_hal_uart.o
                0x0000000008002488                HAL_UART_Receive
 .text.UART_WaitOnFlagUntilTimeout
                0x00000000080025d4       0x94 Drivers/STM32L1xx_HAL_Driver/Src/stm32l1xx_hal_uart.o
 .text.UART_SetConfig
                0x0000000008002668      0x1c8 Drivers/STM32L1xx_HAL_Driver/Src/stm32l1xx_hal_uart.o
 .text.vListInitialise
                0x0000000008002830       0x3e Middlewares/Third_Party/FreeRTOS/Source/list.o
                0x0000000008002830                vListInitialise
 .text.vListInitialiseItem
                0x000000000800286e       0x18 Middlewares/Third_Party/FreeRTOS/Source/list.o
                0x000000000800286e                vListInitialiseItem
 .text.vListInsertEnd
                0x0000000008002886       0x46 Middlewares/Third_Party/FreeRTOS/Source/list.o
                0x0000000008002886                vListInsertEnd
 .text.uxListRemove
                0x00000000080028cc       0x52 Middlewares/Third_Party/FreeRTOS/Source/list.o
                0x00000000080028cc                uxListRemove
 .text.xTaskCreateStatic
                0x000000000800291e       0xb2 Middlewares/Third_Party/FreeRTOS/Source/tasks.o
                0x000000000800291e                xTaskCreateStatic
 .text.xTaskCreate
                0x00000000080029d0       0x8a Middlewares/Third_Party/FreeRTOS/Source/tasks.o
                0x00000000080029d0                xTaskCreate
 .text.prvInitialiseNewTask
                0x0000000008002a5a       0xfc Middlewares/Third_Party/FreeRTOS/Source/tasks.o
 *fill*         0x0000000008002b56        0x2 
 .text.prvAddNewTaskToReadyList
                0x0000000008002b58       0xd4 Middlewares/Third_Party/FreeRTOS/Source/tasks.o
 .text.vTaskSuspend
                0x0000000008002c2c      0x124 Middlewares/Third_Party/FreeRTOS/Source/tasks.o
                0x0000000008002c2c                vTaskSuspend
 .text.prvTaskIsTaskSuspended
                0x0000000008002d50       0x74 Middlewares/Third_Party/FreeRTOS/Source/tasks.o
 .text.xTaskResumeFromISR
                0x0000000008002dc4       0xe0 Middlewares/Third_Party/FreeRTOS/Source/tasks.o
                0x0000000008002dc4                xTaskResumeFromISR
 .text.vTaskStartScheduler
                0x0000000008002ea4       0xbc Middlewares/Third_Party/FreeRTOS/Source/tasks.o
                0x0000000008002ea4                vTaskStartScheduler
 .text.vTaskSuspendAll
                0x0000000008002f60       0x1c Middlewares/Third_Party/FreeRTOS/Source/tasks.o
                0x0000000008002f60                vTaskSuspendAll
 .text.xTaskResumeAll
                0x0000000008002f7c      0x138 Middlewares/Third_Party/FreeRTOS/Source/tasks.o
                0x0000000008002f7c                xTaskResumeAll
 .text.xTaskIncrementTick
                0x00000000080030b4      0x178 Middlewares/Third_Party/FreeRTOS/Source/tasks.o
                0x00000000080030b4                xTaskIncrementTick
 .text.vTaskSwitchContext
                0x000000000800322c       0xb4 Middlewares/Third_Party/FreeRTOS/Source/tasks.o
                0x000000000800322c                vTaskSwitchContext
 .text.prvIdleTask
                0x00000000080032e0       0x30 Middlewares/Third_Party/FreeRTOS/Source/tasks.o
 .text.prvInitialiseTaskLists
                0x0000000008003310       0x80 Middlewares/Third_Party/FreeRTOS/Source/tasks.o
 .text.prvCheckTasksWaitingTermination
                0x0000000008003390       0x58 Middlewares/Third_Party/FreeRTOS/Source/tasks.o
 .text.prvDeleteTCB
                0x00000000080033e8       0x5c Middlewares/Third_Party/FreeRTOS/Source/tasks.o
 .text.prvResetNextTaskUnblockTime
                0x0000000008003444       0x48 Middlewares/Third_Party/FreeRTOS/Source/tasks.o
 .text.pxPortInitialiseStack
                0x000000000800348c       0x58 Middlewares/Third_Party/FreeRTOS/Source/portable/GCC/ARM_CM3/port.o
                0x000000000800348c                pxPortInitialiseStack
 .text.prvTaskExitError
                0x00000000080034e4       0x50 Middlewares/Third_Party/FreeRTOS/Source/portable/GCC/ARM_CM3/port.o
 *fill*         0x0000000008003534        0xc 
 .text.SVC_Handler
                0x0000000008003540       0x28 Middlewares/Third_Party/FreeRTOS/Source/portable/GCC/ARM_CM3/port.o
                0x0000000008003540                SVC_Handler
 .text.prvPortStartFirstTask
                0x0000000008003568       0x20 Middlewares/Third_Party/FreeRTOS/Source/portable/GCC/ARM_CM3/port.o
 .text.xPortStartScheduler
                0x0000000008003588       0xe0 Middlewares/Third_Party/FreeRTOS/Source/portable/GCC/ARM_CM3/port.o
                0x0000000008003588                xPortStartScheduler
 .text.vPortEnterCritical
                0x0000000008003668       0x5c Middlewares/Third_Party/FreeRTOS/Source/portable/GCC/ARM_CM3/port.o
                0x0000000008003668                vPortEnterCritical
 .text.vPortExitCritical
                0x00000000080036c4       0x4c Middlewares/Third_Party/FreeRTOS/Source/portable/GCC/ARM_CM3/port.o
                0x00000000080036c4                vPortExitCritical
 .text.PendSV_Handler
                0x0000000008003710       0x48 Middlewares/Third_Party/FreeRTOS/Source/portable/GCC/ARM_CM3/port.o
                0x0000000008003710                PendSV_Handler
 .text.SysTick_Handler
                0x0000000008003758       0x40 Middlewares/Third_Party/FreeRTOS/Source/portable/GCC/ARM_CM3/port.o
                0x0000000008003758                SysTick_Handler
 .text.vPortSetupTimerInterrupt
                0x0000000008003798       0x44 Middlewares/Third_Party/FreeRTOS/Source/portable/GCC/ARM_CM3/port.o
                0x0000000008003798                vPortSetupTimerInterrupt
 .text.vPortValidateInterruptPriority
                0x00000000080037dc       0x78 Middlewares/Third_Party/FreeRTOS/Source/portable/GCC/ARM_CM3/port.o
                0x00000000080037dc                vPortValidateInterruptPriority
 .text.pvPortMalloc
                0x0000000008003854      0x184 Middlewares/Third_Party/FreeRTOS/Source/portable/MemMang/heap_4.o
                0x0000000008003854                pvPortMalloc
 .text.vPortFree
                0x00000000080039d8       0xb0 Middlewares/Third_Party/FreeRTOS/Source/portable/MemMang/heap_4.o
                0x00000000080039d8                vPortFree
 .text.prvHeapInit
                0x0000000008003a88       0xc4 Middlewares/Third_Party/FreeRTOS/Source/portable/MemMang/heap_4.o
 .text.prvInsertBlockIntoFreeList
                0x0000000008003b4c       0xb0 Middlewares/Third_Party/FreeRTOS/Source/portable/MemMang/heap_4.o
 .text.__libc_init_array
                0x0000000008003bfc       0x48 c:/st/stm32cubeide_1.4.0/stm32cubeide/plugins/com.st.stm32cube.ide.mcu.externaltools.gnu-tools-for-stm32.7-2018-q2-update.win32_1.4.0.202007081208/tools/bin/../lib/gcc/arm-none-eabi/7.3.1/../../../../arm-none-eabi/lib/thumb/v7-m\libc_nano.a(lib_a-init.o)
                0x0000000008003bfc                __libc_init_array
 .text.memset   0x0000000008003c44       0x10 c:/st/stm32cubeide_1.4.0/stm32cubeide/plugins/com.st.stm32cube.ide.mcu.externaltools.gnu-tools-for-stm32.7-2018-q2-update.win32_1.4.0.202007081208/tools/bin/../lib/gcc/arm-none-eabi/7.3.1/../../../../arm-none-eabi/lib/thumb/v7-m\libc_nano.a(lib_a-memset.o)
                0x0000000008003c44                memset
 *(.glue_7)
 .glue_7        0x0000000008003c54        0x0 linker stubs
 *(.glue_7t)
 .glue_7t       0x0000000008003c54        0x0 linker stubs
 *(.eh_frame)
 .eh_frame      0x0000000008003c54        0x0 c:/st/stm32cubeide_1.4.0/stm32cubeide/plugins/com.st.stm32cube.ide.mcu.externaltools.gnu-tools-for-stm32.7-2018-q2-update.win32_1.4.0.202007081208/tools/bin/../lib/gcc/arm-none-eabi/7.3.1/thumb/v7-m/crtbegin.o
 *(.init)
 .init          0x0000000008003c54        0x4 c:/st/stm32cubeide_1.4.0/stm32cubeide/plugins/com.st.stm32cube.ide.mcu.externaltools.gnu-tools-for-stm32.7-2018-q2-update.win32_1.4.0.202007081208/tools/bin/../lib/gcc/arm-none-eabi/7.3.1/thumb/v7-m/crti.o
                0x0000000008003c54                _init
 .init          0x0000000008003c58        0x8 c:/st/stm32cubeide_1.4.0/stm32cubeide/plugins/com.st.stm32cube.ide.mcu.externaltools.gnu-tools-for-stm32.7-2018-q2-update.win32_1.4.0.202007081208/tools/bin/../lib/gcc/arm-none-eabi/7.3.1/thumb/v7-m/crtn.o
 *(.fini)
 .fini          0x0000000008003c60        0x4 c:/st/stm32cubeide_1.4.0/stm32cubeide/plugins/com.st.stm32cube.ide.mcu.externaltools.gnu-tools-for-stm32.7-2018-q2-update.win32_1.4.0.202007081208/tools/bin/../lib/gcc/arm-none-eabi/7.3.1/thumb/v7-m/crti.o
                0x0000000008003c60                _fini
 .fini          0x0000000008003c64        0x8 c:/st/stm32cubeide_1.4.0/stm32cubeide/plugins/com.st.stm32cube.ide.mcu.externaltools.gnu-tools-for-stm32.7-2018-q2-update.win32_1.4.0.202007081208/tools/bin/../lib/gcc/arm-none-eabi/7.3.1/thumb/v7-m/crtn.o
                0x0000000008003c6c                . = ALIGN (0x4)
                0x0000000008003c6c                _etext = .

.vfp11_veneer   0x0000000008003c6c        0x0
 .vfp11_veneer  0x0000000008003c6c        0x0 linker stubs

.v4_bx          0x0000000008003c6c        0x0
 .v4_bx         0x0000000008003c6c        0x0 linker stubs

.iplt           0x0000000008003c6c        0x0
 .iplt          0x0000000008003c6c        0x0 c:/st/stm32cubeide_1.4.0/stm32cubeide/plugins/com.st.stm32cube.ide.mcu.externaltools.gnu-tools-for-stm32.7-2018-q2-update.win32_1.4.0.202007081208/tools/bin/../lib/gcc/arm-none-eabi/7.3.1/thumb/v7-m/crtbegin.o

.rodata         0x0000000008003c6c       0xb0
                0x0000000008003c6c                . = ALIGN (0x4)
 *(.rodata)
 .rodata        0x0000000008003c6c       0x5d Core/Src/SMSTask.o
 *fill*         0x0000000008003cc9        0x3 
 .rodata        0x0000000008003ccc       0x21 Core/Src/main.o
 *fill*         0x0000000008003ced        0x3 
 .rodata        0x0000000008003cf0        0x5 Middlewares/Third_Party/FreeRTOS/Source/tasks.o
 *(.rodata*)
 *fill*         0x0000000008003cf5        0x3 
 .rodata.PLLMulTable
                0x0000000008003cf8        0x9 Core/Src/system_stm32l1xx.o
                0x0000000008003cf8                PLLMulTable
 *fill*         0x0000000008003d01        0x3 
 .rodata.AHBPrescTable
                0x0000000008003d04       0x10 Core/Src/system_stm32l1xx.o
                0x0000000008003d04                AHBPrescTable
 .rodata.APBPrescTable
                0x0000000008003d14        0x8 Core/Src/system_stm32l1xx.o
                0x0000000008003d14                APBPrescTable
                0x0000000008003d1c                . = ALIGN (0x4)

.ARM.extab      0x0000000008003d1c        0x0
                0x0000000008003d1c                . = ALIGN (0x4)
 *(.ARM.extab* .gnu.linkonce.armextab.*)
                0x0000000008003d1c                . = ALIGN (0x4)

.ARM            0x0000000008003d1c        0x8
                0x0000000008003d1c                . = ALIGN (0x4)
                0x0000000008003d1c                __exidx_start = .
 *(.ARM.exidx*)
 .ARM.exidx     0x0000000008003d1c        0x8 c:/st/stm32cubeide_1.4.0/stm32cubeide/plugins/com.st.stm32cube.ide.mcu.externaltools.gnu-tools-for-stm32.7-2018-q2-update.win32_1.4.0.202007081208/tools/bin/../lib/gcc/arm-none-eabi/7.3.1/thumb/v7-m\libgcc.a(_udivmoddi4.o)
                0x0000000008003d24                __exidx_end = .
                0x0000000008003d24                . = ALIGN (0x4)

.rel.dyn        0x0000000008003d24        0x0
 .rel.iplt      0x0000000008003d24        0x0 c:/st/stm32cubeide_1.4.0/stm32cubeide/plugins/com.st.stm32cube.ide.mcu.externaltools.gnu-tools-for-stm32.7-2018-q2-update.win32_1.4.0.202007081208/tools/bin/../lib/gcc/arm-none-eabi/7.3.1/thumb/v7-m/crtbegin.o

.preinit_array  0x0000000008003d24        0x0
                0x0000000008003d24                . = ALIGN (0x4)
                0x0000000008003d24                PROVIDE (__preinit_array_start = .)
 *(.preinit_array*)
                0x0000000008003d24                PROVIDE (__preinit_array_end = .)
                0x0000000008003d24                . = ALIGN (0x4)

.init_array     0x0000000008003d24        0x4
                0x0000000008003d24                . = ALIGN (0x4)
                0x0000000008003d24                PROVIDE (__init_array_start = .)
 *(SORT_BY_NAME(.init_array.*))
 *(.init_array*)
 .init_array    0x0000000008003d24        0x4 c:/st/stm32cubeide_1.4.0/stm32cubeide/plugins/com.st.stm32cube.ide.mcu.externaltools.gnu-tools-for-stm32.7-2018-q2-update.win32_1.4.0.202007081208/tools/bin/../lib/gcc/arm-none-eabi/7.3.1/thumb/v7-m/crtbegin.o
                0x0000000008003d28                PROVIDE (__init_array_end = .)
                0x0000000008003d28                . = ALIGN (0x4)

.fini_array     0x0000000008003d28        0x4
                0x0000000008003d28                . = ALIGN (0x4)
                [!provide]                        PROVIDE (__fini_array_start = .)
 *(SORT_BY_NAME(.fini_array.*))
 *(.fini_array*)
 .fini_array    0x0000000008003d28        0x4 c:/st/stm32cubeide_1.4.0/stm32cubeide/plugins/com.st.stm32cube.ide.mcu.externaltools.gnu-tools-for-stm32.7-2018-q2-update.win32_1.4.0.202007081208/tools/bin/../lib/gcc/arm-none-eabi/7.3.1/thumb/v7-m/crtbegin.o
                [!provide]                        PROVIDE (__fini_array_end = .)
                0x0000000008003d2c                . = ALIGN (0x4)
                0x0000000008003d2c                _sidata = LOADADDR (.data)

.data           0x0000000020000000       0x10 load address 0x0000000008003d2c
                0x0000000020000000                . = ALIGN (0x4)
                0x0000000020000000                _sdata = .
 *(.data)
 *(.data*)
 .data.SystemCoreClock
                0x0000000020000000        0x4 Core/Src/system_stm32l1xx.o
                0x0000000020000000                SystemCoreClock
 .data.uwTickPrio
                0x0000000020000004        0x4 Drivers/STM32L1xx_HAL_Driver/Src/stm32l1xx_hal.o
                0x0000000020000004                uwTickPrio
 .data.uwTickFreq
                0x0000000020000008        0x4 Drivers/STM32L1xx_HAL_Driver/Src/stm32l1xx_hal.o
                0x0000000020000008                uwTickFreq
 .data.uxCriticalNesting
                0x000000002000000c        0x4 Middlewares/Third_Party/FreeRTOS/Source/portable/GCC/ARM_CM3/port.o
                0x0000000020000010                . = ALIGN (0x4)
                0x0000000020000010                _edata = .

.igot.plt       0x0000000020000010        0x0 load address 0x0000000008003d3c
 .igot.plt      0x0000000020000010        0x0 c:/st/stm32cubeide_1.4.0/stm32cubeide/plugins/com.st.stm32cube.ide.mcu.externaltools.gnu-tools-for-stm32.7-2018-q2-update.win32_1.4.0.202007081208/tools/bin/../lib/gcc/arm-none-eabi/7.3.1/thumb/v7-m/crtbegin.o
                0x0000000020000010                . = ALIGN (0x4)

.bss            0x0000000020000010     0x3acc load address 0x0000000008003d3c
                0x0000000020000010                _sbss = .
                0x0000000020000010                __bss_start__ = _sbss
 *(.bss)
 .bss           0x0000000020000010       0x1c c:/st/stm32cubeide_1.4.0/stm32cubeide/plugins/com.st.stm32cube.ide.mcu.externaltools.gnu-tools-for-stm32.7-2018-q2-update.win32_1.4.0.202007081208/tools/bin/../lib/gcc/arm-none-eabi/7.3.1/thumb/v7-m/crtbegin.o
 *(.bss*)
 .bss.xIdleTaskTCBBuffer
                0x000000002000002c       0x54 Core/Src/freertos.o
 .bss.xIdleStack
                0x0000000020000080      0x800 Core/Src/freertos.o
 .bss.Timer1.7700
                0x0000000020000880        0x4 Core/Src/stm32l1xx_it.o
 .bss.pxCurrentTCB
                0x0000000020000884        0x4 Middlewares/Third_Party/FreeRTOS/Source/tasks.o
                0x0000000020000884                pxCurrentTCB
 .bss.pxReadyTasksLists
                0x0000000020000888       0x8c Middlewares/Third_Party/FreeRTOS/Source/tasks.o
 .bss.xDelayedTaskList1
                0x0000000020000914       0x14 Middlewares/Third_Party/FreeRTOS/Source/tasks.o
 .bss.xDelayedTaskList2
                0x0000000020000928       0x14 Middlewares/Third_Party/FreeRTOS/Source/tasks.o
 .bss.pxDelayedTaskList
                0x000000002000093c        0x4 Middlewares/Third_Party/FreeRTOS/Source/tasks.o
 .bss.pxOverflowDelayedTaskList
                0x0000000020000940        0x4 Middlewares/Third_Party/FreeRTOS/Source/tasks.o
 .bss.xPendingReadyList
                0x0000000020000944       0x14 Middlewares/Third_Party/FreeRTOS/Source/tasks.o
 .bss.xTasksWaitingTermination
                0x0000000020000958       0x14 Middlewares/Third_Party/FreeRTOS/Source/tasks.o
 .bss.uxDeletedTasksWaitingCleanUp
                0x000000002000096c        0x4 Middlewares/Third_Party/FreeRTOS/Source/tasks.o
 .bss.xSuspendedTaskList
                0x0000000020000970       0x14 Middlewares/Third_Party/FreeRTOS/Source/tasks.o
 .bss.uxCurrentNumberOfTasks
                0x0000000020000984        0x4 Middlewares/Third_Party/FreeRTOS/Source/tasks.o
 .bss.xTickCount
                0x0000000020000988        0x4 Middlewares/Third_Party/FreeRTOS/Source/tasks.o
 .bss.uxTopReadyPriority
                0x000000002000098c        0x4 Middlewares/Third_Party/FreeRTOS/Source/tasks.o
 .bss.xSchedulerRunning
                0x0000000020000990        0x4 Middlewares/Third_Party/FreeRTOS/Source/tasks.o
 .bss.uxPendedTicks
                0x0000000020000994        0x4 Middlewares/Third_Party/FreeRTOS/Source/tasks.o
 .bss.xYieldPending
                0x0000000020000998        0x4 Middlewares/Third_Party/FreeRTOS/Source/tasks.o
 .bss.xNumOfOverflows
                0x000000002000099c        0x4 Middlewares/Third_Party/FreeRTOS/Source/tasks.o
 .bss.uxTaskNumber
                0x00000000200009a0        0x4 Middlewares/Third_Party/FreeRTOS/Source/tasks.o
 .bss.xNextTaskUnblockTime
                0x00000000200009a4        0x4 Middlewares/Third_Party/FreeRTOS/Source/tasks.o
 .bss.xIdleTaskHandle
                0x00000000200009a8        0x4 Middlewares/Third_Party/FreeRTOS/Source/tasks.o
 .bss.uxSchedulerSuspended
                0x00000000200009ac        0x4 Middlewares/Third_Party/FreeRTOS/Source/tasks.o
 .bss.ucMaxSysCallPriority
                0x00000000200009b0        0x1 Middlewares/Third_Party/FreeRTOS/Source/portable/GCC/ARM_CM3/port.o
 *fill*         0x00000000200009b1        0x3 
 .bss.ulMaxPRIGROUPValue
                0x00000000200009b4        0x4 Middlewares/Third_Party/FreeRTOS/Source/portable/GCC/ARM_CM3/port.o
 .bss.ucHeap    0x00000000200009b8     0x3000 Middlewares/Third_Party/FreeRTOS/Source/portable/MemMang/heap_4.o
 .bss.xStart    0x00000000200039b8        0x8 Middlewares/Third_Party/FreeRTOS/Source/portable/MemMang/heap_4.o
 .bss.pxEnd     0x00000000200039c0        0x4 Middlewares/Third_Party/FreeRTOS/Source/portable/MemMang/heap_4.o
 .bss.xFreeBytesRemaining
                0x00000000200039c4        0x4 Middlewares/Third_Party/FreeRTOS/Source/portable/MemMang/heap_4.o
 .bss.xMinimumEverFreeBytesRemaining
                0x00000000200039c8        0x4 Middlewares/Third_Party/FreeRTOS/Source/portable/MemMang/heap_4.o
 .bss.xBlockAllocatedBit
                0x00000000200039cc        0x4 Middlewares/Third_Party/FreeRTOS/Source/portable/MemMang/heap_4.o
 *(COMMON)
 COMMON         0x00000000200039d0        0x4 Core/Src/SMSTask.o
                0x00000000200039d0                xHandle_SMS
 COMMON         0x00000000200039d4       0xc4 Core/Src/main.o
                0x00000000200039d4                defaultTaskHandle
                0x00000000200039d8                huart1
                0x0000000020003a18                htim6
                0x0000000020003a58                huart2
 COMMON         0x0000000020003a98       0x40 Core/Src/stm32l1xx_hal_timebase_tim.o
                0x0000000020003a98                htim3
 COMMON         0x0000000020003ad8        0x4 Drivers/STM32L1xx_HAL_Driver/Src/stm32l1xx_hal.o
                0x0000000020003ad8                uwTick
                0x0000000020003adc                . = ALIGN (0x4)
                0x0000000020003adc                _ebss = .
                0x0000000020003adc                __bss_end__ = _ebss

._user_heap_stack
                0x0000000020003adc      0x604 load address 0x0000000008003d3c
                0x0000000020003ae0                . = ALIGN (0x8)
 *fill*         0x0000000020003adc        0x4 
                [!provide]                        PROVIDE (end = .)
                0x0000000020003ae0                PROVIDE (_end = .)
                0x0000000020003ce0                . = (. + _Min_Heap_Size)
 *fill*         0x0000000020003ae0      0x200 
                0x00000000200040e0                . = (. + _Min_Stack_Size)
 *fill*         0x0000000020003ce0      0x400 
                0x00000000200040e0                . = ALIGN (0x8)

/DISCARD/
 libc.a(*)
 libm.a(*)
 libgcc.a(*)

.ARM.attributes
                0x0000000000000000       0x29
 *(.ARM.attributes)
 .ARM.attributes
                0x0000000000000000       0x1d c:/st/stm32cubeide_1.4.0/stm32cubeide/plugins/com.st.stm32cube.ide.mcu.externaltools.gnu-tools-for-stm32.7-2018-q2-update.win32_1.4.0.202007081208/tools/bin/../lib/gcc/arm-none-eabi/7.3.1/thumb/v7-m/crti.o
 .ARM.attributes
                0x000000000000001d       0x2d c:/st/stm32cubeide_1.4.0/stm32cubeide/plugins/com.st.stm32cube.ide.mcu.externaltools.gnu-tools-for-stm32.7-2018-q2-update.win32_1.4.0.202007081208/tools/bin/../lib/gcc/arm-none-eabi/7.3.1/thumb/v7-m/crtbegin.o
 .ARM.attributes
                0x000000000000004a       0x33 Core/Src/SMSTask.o
 .ARM.attributes
                0x000000000000007d       0x33 Core/Src/freertos.o
 .ARM.attributes
                0x00000000000000b0       0x33 Core/Src/main.o
 .ARM.attributes
                0x00000000000000e3       0x33 Core/Src/stm32l1xx_hal_msp.o
 .ARM.attributes
                0x0000000000000116       0x33 Core/Src/stm32l1xx_hal_timebase_tim.o
 .ARM.attributes
                0x0000000000000149       0x33 Core/Src/stm32l1xx_it.o
 .ARM.attributes
                0x000000000000017c       0x33 Core/Src/system_stm32l1xx.o
 .ARM.attributes
                0x00000000000001af       0x21 Core/Startup/startup_stm32l152retx.o
 .ARM.attributes
                0x00000000000001d0       0x33 Drivers/STM32L1xx_HAL_Driver/Src/stm32l1xx_hal.o
 .ARM.attributes
                0x0000000000000203       0x33 Drivers/STM32L1xx_HAL_Driver/Src/stm32l1xx_hal_cortex.o
 .ARM.attributes
                0x0000000000000236       0x33 Drivers/STM32L1xx_HAL_Driver/Src/stm32l1xx_hal_gpio.o
 .ARM.attributes
                0x0000000000000269       0x33 Drivers/STM32L1xx_HAL_Driver/Src/stm32l1xx_hal_rcc.o
 .ARM.attributes
                0x000000000000029c       0x33 Drivers/STM32L1xx_HAL_Driver/Src/stm32l1xx_hal_tim.o
 .ARM.attributes
                0x00000000000002cf       0x33 Drivers/STM32L1xx_HAL_Driver/Src/stm32l1xx_hal_tim_ex.o
 .ARM.attributes
                0x0000000000000302       0x33 Drivers/STM32L1xx_HAL_Driver/Src/stm32l1xx_hal_uart.o
 .ARM.attributes
                0x0000000000000335       0x33 Middlewares/Third_Party/FreeRTOS/Source/list.o
 .ARM.attributes
                0x0000000000000368       0x33 Middlewares/Third_Party/FreeRTOS/Source/tasks.o
 .ARM.attributes
                0x000000000000039b       0x33 Middlewares/Third_Party/FreeRTOS/Source/portable/GCC/ARM_CM3/port.o
 .ARM.attributes
                0x00000000000003ce       0x33 Middlewares/Third_Party/FreeRTOS/Source/portable/MemMang/heap_4.o
 .ARM.attributes
                0x0000000000000401       0x2d c:/st/stm32cubeide_1.4.0/stm32cubeide/plugins/com.st.stm32cube.ide.mcu.externaltools.gnu-tools-for-stm32.7-2018-q2-update.win32_1.4.0.202007081208/tools/bin/../lib/gcc/arm-none-eabi/7.3.1/../../../../arm-none-eabi/lib/thumb/v7-m\libc_nano.a(lib_a-init.o)
 .ARM.attributes
                0x000000000000042e       0x2d c:/st/stm32cubeide_1.4.0/stm32cubeide/plugins/com.st.stm32cube.ide.mcu.externaltools.gnu-tools-for-stm32.7-2018-q2-update.win32_1.4.0.202007081208/tools/bin/../lib/gcc/arm-none-eabi/7.3.1/../../../../arm-none-eabi/lib/thumb/v7-m\libc_nano.a(lib_a-memset.o)
 .ARM.attributes
                0x000000000000045b       0x1d c:/st/stm32cubeide_1.4.0/stm32cubeide/plugins/com.st.stm32cube.ide.mcu.externaltools.gnu-tools-for-stm32.7-2018-q2-update.win32_1.4.0.202007081208/tools/bin/../lib/gcc/arm-none-eabi/7.3.1/thumb/v7-m\libgcc.a(_aeabi_uldivmod.o)
 .ARM.attributes
                0x0000000000000478       0x2d c:/st/stm32cubeide_1.4.0/stm32cubeide/plugins/com.st.stm32cube.ide.mcu.externaltools.gnu-tools-for-stm32.7-2018-q2-update.win32_1.4.0.202007081208/tools/bin/../lib/gcc/arm-none-eabi/7.3.1/thumb/v7-m\libgcc.a(_udivmoddi4.o)
 .ARM.attributes
                0x00000000000004a5       0x1d c:/st/stm32cubeide_1.4.0/stm32cubeide/plugins/com.st.stm32cube.ide.mcu.externaltools.gnu-tools-for-stm32.7-2018-q2-update.win32_1.4.0.202007081208/tools/bin/../lib/gcc/arm-none-eabi/7.3.1/thumb/v7-m\libgcc.a(_dvmd_tls.o)
 .ARM.attributes
                0x00000000000004c2       0x1d c:/st/stm32cubeide_1.4.0/stm32cubeide/plugins/com.st.stm32cube.ide.mcu.externaltools.gnu-tools-for-stm32.7-2018-q2-update.win32_1.4.0.202007081208/tools/bin/../lib/gcc/arm-none-eabi/7.3.1/thumb/v7-m/crtn.o
OUTPUT(AlarmGSM_GPIO+USART_stm32l152re_project.elf elf32-littlearm)

.debug_info     0x0000000000000000    0x1082e
 .debug_info    0x0000000000000000      0xe00 Core/Src/SMSTask.o
 .debug_info    0x0000000000000e00      0xb5c Core/Src/freertos.o
 .debug_info    0x000000000000195c     0x15ed Core/Src/main.o
 .debug_info    0x0000000000002f49     0x1584 Core/Src/stm32l1xx_hal_msp.o
 .debug_info    0x00000000000044cd      0x9ee Core/Src/stm32l1xx_hal_timebase_tim.o
 .debug_info    0x0000000000004ebb     0x1063 Core/Src/stm32l1xx_it.o
 .debug_info    0x0000000000005f1e      0x473 Core/Src/system_stm32l1xx.o
 .debug_info    0x0000000000006391       0x22 Core/Startup/startup_stm32l152retx.o
 .debug_info    0x00000000000063b3      0x72b Drivers/STM32L1xx_HAL_Driver/Src/stm32l1xx_hal.o
 .debug_info    0x0000000000006ade      0xd84 Drivers/STM32L1xx_HAL_Driver/Src/stm32l1xx_hal_cortex.o
 .debug_info    0x0000000000007862      0x6ac Drivers/STM32L1xx_HAL_Driver/Src/stm32l1xx_hal_gpio.o
 .debug_info    0x0000000000007f0e      0x94f Drivers/STM32L1xx_HAL_Driver/Src/stm32l1xx_hal_rcc.o
 .debug_info    0x000000000000885d     0x26d9 Drivers/STM32L1xx_HAL_Driver/Src/stm32l1xx_hal_tim.o
 .debug_info    0x000000000000af36      0x757 Drivers/STM32L1xx_HAL_Driver/Src/stm32l1xx_hal_tim_ex.o
 .debug_info    0x000000000000b68d     0x11e4 Drivers/STM32L1xx_HAL_Driver/Src/stm32l1xx_hal_uart.o
 .debug_info    0x000000000000c871      0xac5 Middlewares/Third_Party/FreeRTOS/Source/list.o
 .debug_info    0x000000000000d336     0x243c Middlewares/Third_Party/FreeRTOS/Source/tasks.o
 .debug_info    0x000000000000f772      0x4d2 Middlewares/Third_Party/FreeRTOS/Source/portable/GCC/ARM_CM3/port.o
 .debug_info    0x000000000000fc44      0xbea Middlewares/Third_Party/FreeRTOS/Source/portable/MemMang/heap_4.o

.debug_abbrev   0x0000000000000000     0x25b7
 .debug_abbrev  0x0000000000000000      0x1da Core/Src/SMSTask.o
 .debug_abbrev  0x00000000000001da      0x1b5 Core/Src/freertos.o
 .debug_abbrev  0x000000000000038f      0x2b4 Core/Src/main.o
 .debug_abbrev  0x0000000000000643      0x219 Core/Src/stm32l1xx_hal_msp.o
 .debug_abbrev  0x000000000000085c      0x19d Core/Src/stm32l1xx_hal_timebase_tim.o
 .debug_abbrev  0x00000000000009f9      0x205 Core/Src/stm32l1xx_it.o
 .debug_abbrev  0x0000000000000bfe      0x111 Core/Src/system_stm32l1xx.o
 .debug_abbrev  0x0000000000000d0f       0x12 Core/Startup/startup_stm32l152retx.o
 .debug_abbrev  0x0000000000000d21      0x21b Drivers/STM32L1xx_HAL_Driver/Src/stm32l1xx_hal.o
 .debug_abbrev  0x0000000000000f3c      0x2fa Drivers/STM32L1xx_HAL_Driver/Src/stm32l1xx_hal_cortex.o
 .debug_abbrev  0x0000000000001236      0x1c9 Drivers/STM32L1xx_HAL_Driver/Src/stm32l1xx_hal_gpio.o
 .debug_abbrev  0x00000000000013ff      0x238 Drivers/STM32L1xx_HAL_Driver/Src/stm32l1xx_hal_rcc.o
 .debug_abbrev  0x0000000000001637      0x230 Drivers/STM32L1xx_HAL_Driver/Src/stm32l1xx_hal_tim.o
 .debug_abbrev  0x0000000000001867      0x164 Drivers/STM32L1xx_HAL_Driver/Src/stm32l1xx_hal_tim_ex.o
 .debug_abbrev  0x00000000000019cb      0x242 Drivers/STM32L1xx_HAL_Driver/Src/stm32l1xx_hal_uart.o
 .debug_abbrev  0x0000000000001c0d      0x1cf Middlewares/Third_Party/FreeRTOS/Source/list.o
 .debug_abbrev  0x0000000000001ddc      0x338 Middlewares/Third_Party/FreeRTOS/Source/tasks.o
 .debug_abbrev  0x0000000000002114      0x205 Middlewares/Third_Party/FreeRTOS/Source/portable/GCC/ARM_CM3/port.o
 .debug_abbrev  0x0000000000002319      0x29e Middlewares/Third_Party/FreeRTOS/Source/portable/MemMang/heap_4.o

.debug_aranges  0x0000000000000000      0xd10
 .debug_aranges
                0x0000000000000000       0x20 Core/Src/SMSTask.o
 .debug_aranges
                0x0000000000000020       0x20 Core/Src/freertos.o
 .debug_aranges
                0x0000000000000040       0x60 Core/Src/main.o
 .debug_aranges
                0x00000000000000a0       0x40 Core/Src/stm32l1xx_hal_msp.o
 .debug_aranges
                0x00000000000000e0       0x30 Core/Src/stm32l1xx_hal_timebase_tim.o
 .debug_aranges
                0x0000000000000110       0x58 Core/Src/stm32l1xx_it.o
 .debug_aranges
                0x0000000000000168       0x28 Core/Src/system_stm32l1xx.o
 .debug_aranges
                0x0000000000000190       0x28 Core/Startup/startup_stm32l152retx.o
 .debug_aranges
                0x00000000000001b8       0xe0 Drivers/STM32L1xx_HAL_Driver/Src/stm32l1xx_hal.o
 .debug_aranges
                0x0000000000000298      0x118 Drivers/STM32L1xx_HAL_Driver/Src/stm32l1xx_hal_cortex.o
 .debug_aranges
                0x00000000000003b0       0x58 Drivers/STM32L1xx_HAL_Driver/Src/stm32l1xx_hal_gpio.o
 .debug_aranges
                0x0000000000000408       0x90 Drivers/STM32L1xx_HAL_Driver/Src/stm32l1xx_hal_rcc.o
 .debug_aranges
                0x0000000000000498      0x3d0 Drivers/STM32L1xx_HAL_Driver/Src/stm32l1xx_hal_tim.o
 .debug_aranges
                0x0000000000000868       0x28 Drivers/STM32L1xx_HAL_Driver/Src/stm32l1xx_hal_tim_ex.o
 .debug_aranges
                0x0000000000000890      0x1d0 Drivers/STM32L1xx_HAL_Driver/Src/stm32l1xx_hal_uart.o
 .debug_aranges
                0x0000000000000a60       0x40 Middlewares/Third_Party/FreeRTOS/Source/list.o
 .debug_aranges
                0x0000000000000aa0      0x1a8 Middlewares/Third_Party/FreeRTOS/Source/tasks.o
 .debug_aranges
                0x0000000000000c48       0x78 Middlewares/Third_Party/FreeRTOS/Source/portable/GCC/ARM_CM3/port.o
 .debug_aranges
                0x0000000000000cc0       0x50 Middlewares/Third_Party/FreeRTOS/Source/portable/MemMang/heap_4.o

.debug_ranges   0x0000000000000000      0xbe8
 .debug_ranges  0x0000000000000000       0x10 Core/Src/SMSTask.o
 .debug_ranges  0x0000000000000010       0x10 Core/Src/freertos.o
 .debug_ranges  0x0000000000000020       0x50 Core/Src/main.o
 .debug_ranges  0x0000000000000070       0x30 Core/Src/stm32l1xx_hal_msp.o
 .debug_ranges  0x00000000000000a0       0x20 Core/Src/stm32l1xx_hal_timebase_tim.o
 .debug_ranges  0x00000000000000c0       0x48 Core/Src/stm32l1xx_it.o
 .debug_ranges  0x0000000000000108       0x18 Core/Src/system_stm32l1xx.o
 .debug_ranges  0x0000000000000120       0x20 Core/Startup/startup_stm32l152retx.o
 .debug_ranges  0x0000000000000140       0xd0 Drivers/STM32L1xx_HAL_Driver/Src/stm32l1xx_hal.o
 .debug_ranges  0x0000000000000210      0x108 Drivers/STM32L1xx_HAL_Driver/Src/stm32l1xx_hal_cortex.o
 .debug_ranges  0x0000000000000318       0x48 Drivers/STM32L1xx_HAL_Driver/Src/stm32l1xx_hal_gpio.o
 .debug_ranges  0x0000000000000360       0x80 Drivers/STM32L1xx_HAL_Driver/Src/stm32l1xx_hal_rcc.o
 .debug_ranges  0x00000000000003e0      0x3c0 Drivers/STM32L1xx_HAL_Driver/Src/stm32l1xx_hal_tim.o
 .debug_ranges  0x00000000000007a0       0x18 Drivers/STM32L1xx_HAL_Driver/Src/stm32l1xx_hal_tim_ex.o
 .debug_ranges  0x00000000000007b8      0x1c0 Drivers/STM32L1xx_HAL_Driver/Src/stm32l1xx_hal_uart.o
 .debug_ranges  0x0000000000000978       0x30 Middlewares/Third_Party/FreeRTOS/Source/list.o
 .debug_ranges  0x00000000000009a8      0x198 Middlewares/Third_Party/FreeRTOS/Source/tasks.o
 .debug_ranges  0x0000000000000b40       0x68 Middlewares/Third_Party/FreeRTOS/Source/portable/GCC/ARM_CM3/port.o
 .debug_ranges  0x0000000000000ba8       0x40 Middlewares/Third_Party/FreeRTOS/Source/portable/MemMang/heap_4.o

.debug_macro    0x0000000000000000    0x17de0
 .debug_macro   0x0000000000000000      0x3ab Core/Src/SMSTask.o
 .debug_macro   0x00000000000003ab      0xa5a Core/Src/SMSTask.o
 .debug_macro   0x0000000000000e05      0x112 Core/Src/SMSTask.o
 .debug_macro   0x0000000000000f17       0x2e Core/Src/SMSTask.o
 .debug_macro   0x0000000000000f45       0x22 Core/Src/SMSTask.o
 .debug_macro   0x0000000000000f67       0x22 Core/Src/SMSTask.o
 .debug_macro   0x0000000000000f89       0x8e Core/Src/SMSTask.o
 .debug_macro   0x0000000000001017       0x51 Core/Src/SMSTask.o
 .debug_macro   0x0000000000001068       0xef Core/Src/SMSTask.o
 .debug_macro   0x0000000000001157       0x6a Core/Src/SMSTask.o
 .debug_macro   0x00000000000011c1      0x1df Core/Src/SMSTask.o
 .debug_macro   0x00000000000013a0       0x1c Core/Src/SMSTask.o
 .debug_macro   0x00000000000013bc       0x22 Core/Src/SMSTask.o
 .debug_macro   0x00000000000013de       0xc3 Core/Src/SMSTask.o
 .debug_macro   0x00000000000014a1      0xe49 Core/Src/SMSTask.o
 .debug_macro   0x00000000000022ea      0x11f Core/Src/SMSTask.o
 .debug_macro   0x0000000000002409     0xb52b Core/Src/SMSTask.o
 .debug_macro   0x000000000000d934       0x43 Core/Src/SMSTask.o
 .debug_macro   0x000000000000d977     0x34a0 Core/Src/SMSTask.o
 .debug_macro   0x0000000000010e17      0x174 Core/Src/SMSTask.o
 .debug_macro   0x0000000000010f8b       0x5b Core/Src/SMSTask.o
 .debug_macro   0x0000000000010fe6      0xe38 Core/Src/SMSTask.o
 .debug_macro   0x0000000000011e1e      0x35b Core/Src/SMSTask.o
 .debug_macro   0x0000000000012179      0x13b Core/Src/SMSTask.o
 .debug_macro   0x00000000000122b4       0xc5 Core/Src/SMSTask.o
 .debug_macro   0x0000000000012379      0x21e Core/Src/SMSTask.o
 .debug_macro   0x0000000000012597      0x236 Core/Src/SMSTask.o
 .debug_macro   0x00000000000127cd      0x10e Core/Src/SMSTask.o
 .debug_macro   0x00000000000128db      0x567 Core/Src/SMSTask.o
 .debug_macro   0x0000000000012e42      0x1e9 Core/Src/SMSTask.o
 .debug_macro   0x000000000001302b       0x22 Core/Src/SMSTask.o
 .debug_macro   0x000000000001304d      0x76c Core/Src/SMSTask.o
 .debug_macro   0x00000000000137b9       0xac Core/Src/SMSTask.o
 .debug_macro   0x0000000000013865      0x287 Core/Src/SMSTask.o
 .debug_macro   0x0000000000013aec      0x170 Core/Src/SMSTask.o
 .debug_macro   0x0000000000013c5c      0x492 Core/Src/SMSTask.o
 .debug_macro   0x00000000000140ee       0x46 Core/Src/SMSTask.o
 .debug_macro   0x0000000000014134       0x18 Core/Src/SMSTask.o
 .debug_macro   0x000000000001414c       0x3c Core/Src/SMSTask.o
 .debug_macro   0x0000000000014188       0x34 Core/Src/SMSTask.o
 .debug_macro   0x00000000000141bc       0x52 Core/Src/SMSTask.o
 .debug_macro   0x000000000001420e       0x1f Core/Src/SMSTask.o
 .debug_macro   0x000000000001422d       0x43 Core/Src/SMSTask.o
 .debug_macro   0x0000000000014270       0x20 Core/Src/SMSTask.o
 .debug_macro   0x0000000000014290      0x1a3 Core/Src/SMSTask.o
 .debug_macro   0x0000000000014433      0x32a Core/Src/SMSTask.o
 .debug_macro   0x000000000001475d       0x10 Core/Src/SMSTask.o
 .debug_macro   0x000000000001476d       0x35 Core/Src/SMSTask.o
 .debug_macro   0x00000000000147a2       0x20 Core/Src/SMSTask.o
 .debug_macro   0x00000000000147c2       0x1c Core/Src/SMSTask.o
 .debug_macro   0x00000000000147de       0x10 Core/Src/SMSTask.o
 .debug_macro   0x00000000000147ee       0x10 Core/Src/SMSTask.o
 .debug_macro   0x00000000000147fe       0x1c Core/Src/SMSTask.o
 .debug_macro   0x000000000001481a       0x52 Core/Src/SMSTask.o
 .debug_macro   0x000000000001486c       0x40 Core/Src/SMSTask.o
 .debug_macro   0x00000000000148ac       0x10 Core/Src/SMSTask.o
 .debug_macro   0x00000000000148bc       0x40 Core/Src/SMSTask.o
 .debug_macro   0x00000000000148fc       0xd7 Core/Src/SMSTask.o
 .debug_macro   0x00000000000149d3       0x1c Core/Src/SMSTask.o
 .debug_macro   0x00000000000149ef       0x3d Core/Src/SMSTask.o
 .debug_macro   0x0000000000014a2c       0x16 Core/Src/SMSTask.o
 .debug_macro   0x0000000000014a42      0x145 Core/Src/SMSTask.o
 .debug_macro   0x0000000000014b87       0xd6 Core/Src/SMSTask.o
 .debug_macro   0x0000000000014c5d      0x15a Core/Src/SMSTask.o
 .debug_macro   0x0000000000014db7       0xd7 Core/Src/SMSTask.o
 .debug_macro   0x0000000000014e8e       0x10 Core/Src/SMSTask.o
 .debug_macro   0x0000000000014e9e       0x1f Core/Src/SMSTask.o
 .debug_macro   0x0000000000014ebd      0x4b7 Core/Src/SMSTask.o
 .debug_macro   0x0000000000015374       0xb5 Core/Src/SMSTask.o
 .debug_macro   0x0000000000015429       0x8c Core/Src/SMSTask.o
 .debug_macro   0x00000000000154b5      0x3ab Core/Src/freertos.o
 .debug_macro   0x0000000000015860       0xd6 Core/Src/freertos.o
 .debug_macro   0x0000000000015936      0x3f6 Core/Src/main.o
 .debug_macro   0x0000000000015d2c       0x91 Core/Src/main.o
 .debug_macro   0x0000000000015dbd       0x8d Core/Src/main.o
 .debug_macro   0x0000000000015e4a       0x7e Core/Src/main.o
 .debug_macro   0x0000000000015ec8       0x19 Core/Src/main.o
 .debug_macro   0x0000000000015ee1       0xf2 Core/Src/main.o
 .debug_macro   0x0000000000015fd3      0x3ab Core/Src/stm32l1xx_hal_msp.o
 .debug_macro   0x000000000001637e      0x1af Core/Src/stm32l1xx_hal_timebase_tim.o
 .debug_macro   0x000000000001652d      0x3b5 Core/Src/stm32l1xx_it.o
 .debug_macro   0x00000000000168e2      0x1b5 Core/Src/system_stm32l1xx.o
 .debug_macro   0x0000000000016a97      0x1d3 Drivers/STM32L1xx_HAL_Driver/Src/stm32l1xx_hal.o
 .debug_macro   0x0000000000016c6a      0x1af Drivers/STM32L1xx_HAL_Driver/Src/stm32l1xx_hal_cortex.o
 .debug_macro   0x0000000000016e19      0x1e7 Drivers/STM32L1xx_HAL_Driver/Src/stm32l1xx_hal_gpio.o
 .debug_macro   0x0000000000017000      0x1c1 Drivers/STM32L1xx_HAL_Driver/Src/stm32l1xx_hal_rcc.o
 .debug_macro   0x00000000000171c1      0x1b0 Drivers/STM32L1xx_HAL_Driver/Src/stm32l1xx_hal_tim.o
 .debug_macro   0x0000000000017371      0x1af Drivers/STM32L1xx_HAL_Driver/Src/stm32l1xx_hal_tim_ex.o
 .debug_macro   0x0000000000017520      0x1b0 Drivers/STM32L1xx_HAL_Driver/Src/stm32l1xx_hal_uart.o
 .debug_macro   0x00000000000176d0      0x17a Middlewares/Third_Party/FreeRTOS/Source/list.o
 .debug_macro   0x000000000001784a      0x273 Middlewares/Third_Party/FreeRTOS/Source/tasks.o
 .debug_macro   0x0000000000017abd       0x10 Middlewares/Third_Party/FreeRTOS/Source/tasks.o
 .debug_macro   0x0000000000017acd      0x172 Middlewares/Third_Party/FreeRTOS/Source/portable/GCC/ARM_CM3/port.o
 .debug_macro   0x0000000000017c3f      0x1a1 Middlewares/Third_Party/FreeRTOS/Source/portable/MemMang/heap_4.o

.debug_line     0x0000000000000000     0xbeb9
 .debug_line    0x0000000000000000      0x9d8 Core/Src/SMSTask.o
 .debug_line    0x00000000000009d8      0x9bb Core/Src/freertos.o
 .debug_line    0x0000000000001393      0xb12 Core/Src/main.o
 .debug_line    0x0000000000001ea5      0xa33 Core/Src/stm32l1xx_hal_msp.o
 .debug_line    0x00000000000028d8      0x6db Core/Src/stm32l1xx_hal_timebase_tim.o
 .debug_line    0x0000000000002fb3      0xa7a Core/Src/stm32l1xx_it.o
 .debug_line    0x0000000000003a2d      0x6c6 Core/Src/system_stm32l1xx.o
 .debug_line    0x00000000000040f3       0x84 Core/Startup/startup_stm32l152retx.o
 .debug_line    0x0000000000004177      0x885 Drivers/STM32L1xx_HAL_Driver/Src/stm32l1xx_hal.o
 .debug_line    0x00000000000049fc      0x9ce Drivers/STM32L1xx_HAL_Driver/Src/stm32l1xx_hal_cortex.o
 .debug_line    0x00000000000053ca      0x85f Drivers/STM32L1xx_HAL_Driver/Src/stm32l1xx_hal_gpio.o
 .debug_line    0x0000000000005c29      0x9af Drivers/STM32L1xx_HAL_Driver/Src/stm32l1xx_hal_rcc.o
 .debug_line    0x00000000000065d8     0x1c95 Drivers/STM32L1xx_HAL_Driver/Src/stm32l1xx_hal_tim.o
 .debug_line    0x000000000000826d      0x72c Drivers/STM32L1xx_HAL_Driver/Src/stm32l1xx_hal_tim_ex.o
 .debug_line    0x0000000000008999      0xf95 Drivers/STM32L1xx_HAL_Driver/Src/stm32l1xx_hal_uart.o
 .debug_line    0x000000000000992e      0x66b Middlewares/Third_Party/FreeRTOS/Source/list.o
 .debug_line    0x0000000000009f99     0x1172 Middlewares/Third_Party/FreeRTOS/Source/tasks.o
 .debug_line    0x000000000000b10b      0x65d Middlewares/Third_Party/FreeRTOS/Source/portable/GCC/ARM_CM3/port.o
 .debug_line    0x000000000000b768      0x751 Middlewares/Third_Party/FreeRTOS/Source/portable/MemMang/heap_4.o

.debug_str      0x0000000000000000    0x92bfa
 .debug_str     0x0000000000000000    0x8be92 Core/Src/SMSTask.o
                                      0x8c1e4 (size before relaxing)
 .debug_str     0x000000000008be92      0x144 Core/Src/freertos.o
                                      0x8bf62 (size before relaxing)
 .debug_str     0x000000000008bfd6     0x278d Core/Src/main.o
                                      0x8e9b3 (size before relaxing)
 .debug_str     0x000000000008e763      0x3e9 Core/Src/stm32l1xx_hal_msp.o
                                      0x8c92b (size before relaxing)
 .debug_str     0x000000000008eb4c      0x143 Core/Src/stm32l1xx_hal_timebase_tim.o
                                      0x84c8e (size before relaxing)
 .debug_str     0x000000000008ec8f       0xe6 Core/Src/stm32l1xx_it.o
                                      0x8c409 (size before relaxing)
 .debug_str     0x000000000008ed75       0xd5 Core/Src/system_stm32l1xx.o
                                      0x84434 (size before relaxing)
 .debug_str     0x000000000008ee4a       0x36 Core/Startup/startup_stm32l152retx.o
                                         0xcf (size before relaxing)
 .debug_str     0x000000000008ee80      0x2aa Drivers/STM32L1xx_HAL_Driver/Src/stm32l1xx_hal.o
                                      0x84ab3 (size before relaxing)
 .debug_str     0x000000000008f12a      0x3ba Drivers/STM32L1xx_HAL_Driver/Src/stm32l1xx_hal_cortex.o
                                      0x84be5 (size before relaxing)
 .debug_str     0x000000000008f4e4      0x206 Drivers/STM32L1xx_HAL_Driver/Src/stm32l1xx_hal_gpio.o
                                      0x84658 (size before relaxing)
 .debug_str     0x000000000008f6ea      0x29d Drivers/STM32L1xx_HAL_Driver/Src/stm32l1xx_hal_rcc.o
                                      0x8484a (size before relaxing)
 .debug_str     0x000000000008f987      0xe0b Drivers/STM32L1xx_HAL_Driver/Src/stm32l1xx_hal_tim.o
                                      0x856db (size before relaxing)
 .debug_str     0x0000000000090792       0x7d Drivers/STM32L1xx_HAL_Driver/Src/stm32l1xx_hal_tim_ex.o
                                      0x848b2 (size before relaxing)
 .debug_str     0x000000000009080f      0x516 Drivers/STM32L1xx_HAL_Driver/Src/stm32l1xx_hal_uart.o
                                      0x84c7d (size before relaxing)
 .debug_str     0x0000000000090d25      0x247 Middlewares/Third_Party/FreeRTOS/Source/list.o
                                       0xa522 (size before relaxing)
 .debug_str     0x0000000000090f6c     0x1346 Middlewares/Third_Party/FreeRTOS/Source/tasks.o
                                       0xc70f (size before relaxing)
 .debug_str     0x00000000000922b2      0x6ee Middlewares/Third_Party/FreeRTOS/Source/portable/GCC/ARM_CM3/port.o
                                       0x8106 (size before relaxing)
 .debug_str     0x00000000000929a0      0x25a Middlewares/Third_Party/FreeRTOS/Source/portable/MemMang/heap_4.o
                                       0xac45 (size before relaxing)

.comment        0x0000000000000000       0x7b
 .comment       0x0000000000000000       0x7b Core/Src/SMSTask.o
                                         0x7c (size before relaxing)
 .comment       0x000000000000007b       0x7c Core/Src/freertos.o
 .comment       0x000000000000007b       0x7c Core/Src/main.o
 .comment       0x000000000000007b       0x7c Core/Src/stm32l1xx_hal_msp.o
 .comment       0x000000000000007b       0x7c Core/Src/stm32l1xx_hal_timebase_tim.o
 .comment       0x000000000000007b       0x7c Core/Src/stm32l1xx_it.o
 .comment       0x000000000000007b       0x7c Core/Src/system_stm32l1xx.o
 .comment       0x000000000000007b       0x7c Drivers/STM32L1xx_HAL_Driver/Src/stm32l1xx_hal.o
 .comment       0x000000000000007b       0x7c Drivers/STM32L1xx_HAL_Driver/Src/stm32l1xx_hal_cortex.o
 .comment       0x000000000000007b       0x7c Drivers/STM32L1xx_HAL_Driver/Src/stm32l1xx_hal_gpio.o
 .comment       0x000000000000007b       0x7c Drivers/STM32L1xx_HAL_Driver/Src/stm32l1xx_hal_rcc.o
 .comment       0x000000000000007b       0x7c Drivers/STM32L1xx_HAL_Driver/Src/stm32l1xx_hal_tim.o
 .comment       0x000000000000007b       0x7c Drivers/STM32L1xx_HAL_Driver/Src/stm32l1xx_hal_tim_ex.o
 .comment       0x000000000000007b       0x7c Drivers/STM32L1xx_HAL_Driver/Src/stm32l1xx_hal_uart.o
 .comment       0x000000000000007b       0x7c Middlewares/Third_Party/FreeRTOS/Source/list.o
 .comment       0x000000000000007b       0x7c Middlewares/Third_Party/FreeRTOS/Source/tasks.o
 .comment       0x000000000000007b       0x7c Middlewares/Third_Party/FreeRTOS/Source/portable/GCC/ARM_CM3/port.o
 .comment       0x000000000000007b       0x7c Middlewares/Third_Party/FreeRTOS/Source/portable/MemMang/heap_4.o

.debug_frame    0x0000000000000000     0x34fc
 .debug_frame   0x0000000000000000       0x30 Core/Src/SMSTask.o
 .debug_frame   0x0000000000000030       0x38 Core/Src/freertos.o
 .debug_frame   0x0000000000000068      0x138 Core/Src/main.o
 .debug_frame   0x00000000000001a0       0xc8 Core/Src/stm32l1xx_hal_msp.o
 .debug_frame   0x0000000000000268       0x74 Core/Src/stm32l1xx_hal_timebase_tim.o
 .debug_frame   0x00000000000002dc       0xf0 Core/Src/stm32l1xx_it.o
 .debug_frame   0x00000000000003cc       0x58 Core/Src/system_stm32l1xx.o
 .debug_frame   0x0000000000000424      0x33c Drivers/STM32L1xx_HAL_Driver/Src/stm32l1xx_hal.o
 .debug_frame   0x0000000000000760      0x498 Drivers/STM32L1xx_HAL_Driver/Src/stm32l1xx_hal_cortex.o
 .debug_frame   0x0000000000000bf8      0x14c Drivers/STM32L1xx_HAL_Driver/Src/stm32l1xx_hal_gpio.o
 .debug_frame   0x0000000000000d44      0x220 Drivers/STM32L1xx_HAL_Driver/Src/stm32l1xx_hal_rcc.o
 .debug_frame   0x0000000000000f64     0x11ac Drivers/STM32L1xx_HAL_Driver/Src/stm32l1xx_hal_tim.o
 .debug_frame   0x0000000000002110       0x60 Drivers/STM32L1xx_HAL_Driver/Src/stm32l1xx_hal_tim_ex.o
 .debug_frame   0x0000000000002170      0x834 Drivers/STM32L1xx_HAL_Driver/Src/stm32l1xx_hal_uart.o
 .debug_frame   0x00000000000029a4       0xd8 Middlewares/Third_Party/FreeRTOS/Source/list.o
 .debug_frame   0x0000000000002a7c      0x734 Middlewares/Third_Party/FreeRTOS/Source/tasks.o
 .debug_frame   0x00000000000031b0      0x198 Middlewares/Third_Party/FreeRTOS/Source/portable/GCC/ARM_CM3/port.o
 .debug_frame   0x0000000000003348      0x108 Middlewares/Third_Party/FreeRTOS/Source/portable/MemMang/heap_4.o
 .debug_frame   0x0000000000003450       0x2c c:/st/stm32cubeide_1.4.0/stm32cubeide/plugins/com.st.stm32cube.ide.mcu.externaltools.gnu-tools-for-stm32.7-2018-q2-update.win32_1.4.0.202007081208/tools/bin/../lib/gcc/arm-none-eabi/7.3.1/../../../../arm-none-eabi/lib/thumb/v7-m\libc_nano.a(lib_a-init.o)
 .debug_frame   0x000000000000347c       0x20 c:/st/stm32cubeide_1.4.0/stm32cubeide/plugins/com.st.stm32cube.ide.mcu.externaltools.gnu-tools-for-stm32.7-2018-q2-update.win32_1.4.0.202007081208/tools/bin/../lib/gcc/arm-none-eabi/7.3.1/../../../../arm-none-eabi/lib/thumb/v7-m\libc_nano.a(lib_a-memset.o)
 .debug_frame   0x000000000000349c       0x2c c:/st/stm32cubeide_1.4.0/stm32cubeide/plugins/com.st.stm32cube.ide.mcu.externaltools.gnu-tools-for-stm32.7-2018-q2-update.win32_1.4.0.202007081208/tools/bin/../lib/gcc/arm-none-eabi/7.3.1/thumb/v7-m\libgcc.a(_aeabi_uldivmod.o)
 .debug_frame   0x00000000000034c8       0x34 c:/st/stm32cubeide_1.4.0/stm32cubeide/plugins/com.st.stm32cube.ide.mcu.externaltools.gnu-tools-for-stm32.7-2018-q2-update.win32_1.4.0.202007081208/tools/bin/../lib/gcc/arm-none-eabi/7.3.1/thumb/v7-m\libgcc.a(_udivmoddi4.o)
